// Jest Snapshot v1, https://goo.gl/fbAQLP

exports[`Render Rockets view correctly Render rockets componect with actions correctly 1`] = `
<div>
  <main>
    <ul
      class="rocketsList"
    />
  </main>
</div>
`;

exports[`Render Rockets view correctly Render rockets correctly 1`] = `
<div>
  <main>
    <ul
      class="rocketsList"
    />
  </main>
</div>
`;

exports[`Render profile components correctly Render joined mission and reserved rockets 1`] = `
<div>
  <main>
    <ul
      class="rocketsList"
    />
  </main>
</div>
`;
